// Jest Snapshot v1, https://goo.gl/fbAQLP

exports[`withImage(BaseComponent): NewComponent NewComponent has the extended statics of BaseComponent 1`] = `
Object {
  "defaultProps": Object {
    "adaptScale": false,
    "foo": "1",
    "initialState": Object {
      "editor": undefined,
      "failed": false,
      "uploading": false,
    },
  },
  "displayName": "withImage(BaseComponent)",
  "propTypes": Object {
    "adaptScale": [Function],
    "foo": [Function],
    "initialState": [Function],
    "onSetImage": [Function],
    "onUploadFail": [Function],
    "onUploadStart": [Function],
    "onUploadSucceed": [Function],
    "uploadImage": [Function],
  },
}
`;
